<html>
<body>
<pre>
<h1>猩ision Build Log</h1>
<h2>Tool Versions:</h2>
IDE-Version: μVision V5.20.0.0
Copyright (C) 2016 ARM Ltd and ARM Germany GmbH. All rights reserved.
License Information: 1 1, 1, LIC=TIVCX-H1V54-9GU70-BKX0I-EWBZP-552Z1
 
Tool Versions:
Toolchain:       MDK-ARM Plus  Version: 5.20
Toolchain Path:  C:\Keil_v5\ARM\ARMCC\Bin
C Compiler:      Armcc.exe V5.06 update 2 (build 183)
Assembler:       Armasm.exe V5.06 update 2 (build 183)
Linker/Locator:  ArmLink.exe V5.06 update 2 (build 183)
Library Manager: ArmAr.exe V5.06 update 2 (build 183)
Hex Converter:   FromElf.exe V5.06 update 2 (build 183)
CPU DLL:         SARMCM3.DLL V5.20
Dialog DLL:      DCM.DLL V1.13.7.0
Target DLL:      STLink\ST-LINKIII-KEIL_SWO.dll V2.0.18.0
Dialog DLL:      TCM.DLL V1.14.9.0
 
<h2>Project:</h2>
C:\Users\X550V\Desktop\DW1000\UWB_Debugtool\STM32F103C8T6_V2.0_Tag手持器\STM32_UsbVirtualCom_F103C8T6_V2.0\Project\MDK\Project.uvprojx
Project File Date:  08/22/2017

<h2>Output:</h2>
*** Using Compiler 'V5.06 update 2 (build 183)', folder: 'C:\Keil_v5\ARM\ARMCC\Bin'
Build target 'Project'
compiling APP.c...
..\Source\USER\APP.c(75): warning:  #167-D: argument of type "unsigned char *" is incompatible with parameter of type "const char *restrict"
  							sscanf((unsigned char* )buf,"%x",&Range_deca[0]); 
..\Source\USER\APP.c(81): warning:  #167-D: argument of type "unsigned char *" is incompatible with parameter of type "const char *restrict"
  							sscanf((unsigned char* )buf,"%x",&Range_deca[1]); 
..\Source\USER\APP.c(86): warning:  #167-D: argument of type "unsigned char *" is incompatible with parameter of type "const char *restrict"
  							sscanf((unsigned char* )buf,"%x",&Range_deca[2]); 
..\Source\USER\APP.c(91): warning:  #167-D: argument of type "unsigned char *" is incompatible with parameter of type "const char *restrict"
  							sscanf((unsigned char* )buf,"%x",&Range_deca[3]); 
..\Source\USER\APP.c(131): warning:  #167-D: argument of type "u8 *" is incompatible with parameter of type "char *restrict"
  					strcat(buff_positiontousb,position_x);
..\Source\USER\APP.c(132): warning:  #167-D: argument of type "u8 *" is incompatible with parameter of type "char *restrict"
  					strcat(buff_positiontousb,position_y);
..\Source\USER\APP.c(133): warning:  #167-D: argument of type "u8 *" is incompatible with parameter of type "char *restrict"
  					strcat(buff_positiontousb,position_z);
..\Source\USER\APP.c(136): warning:  #223-D: function "Uart1SendStr" declared implicitly
  					Uart1SendStr(buff_positiontousb);
..\Source\USER\APP.c(165): warning:  #167-D: argument of type "unsigned char *" is incompatible with parameter of type "const char *restrict"
  						sscanf((unsigned char*)buf,"%*[^=]=%s",oled_buf);
..\Source\USER\APP.c(178): warning:  #167-D: argument of type "unsigned char *" is incompatible with parameter of type "const char *restrict"
  						sscanf((unsigned char*)buf,"%*[^=]=%s",oled_buf);
..\Source\USER\APP.c(189): warning:  #167-D: argument of type "unsigned char *" is incompatible with parameter of type "const char *restrict"
  						sscanf((unsigned char*)buf,"%*[^=]=%s",oled_buf);
..\Source\USER\APP.c(200): warning:  #167-D: argument of type "unsigned char *" is incompatible with parameter of type "const char *restrict"
  						sscanf((unsigned char*)buf,"%*[^=]=%s",oled_buf);
..\Source\USER\APP.c(21): warning:  #177-D: variable "datatemp" was declared but never referenced
  		u8 datatemp[SIZE];
..\Source\USER\APP.c(25): warning:  #177-D: variable "temp" was declared but never referenced
      int temp = 0;
..\Source\USER\APP.c(27): warning:  #177-D: variable "distance" was declared but never referenced
  	  int distance=0;
..\Source\USER\APP.c(30): warning:  #177-D: variable "buffa" was declared but never referenced
  		static uint8_t buffa[65]="mc 0f 00001724 00001429 00001f40 00001e1d e9dd 4a 00707c03 a7:0\r\n";
..\Source\USER\APP.c(37): warning:  #177-D: variable "z_measure" was declared but never referenced
  	  float z_measure = 1.56;		
..\Source\USER\APP.c: 17 warnings, 0 errors
linking...
Program Size: Code=32286 RO-data=2738 RW-data=360 ZI-data=5824  
FromELF: creating hex file...
".\Obj\Project.axf" - 0 Error(s), 17 Warning(s).

<h2>Software Packages used:</h2>

Package Vendor: ARM
                http://www.keil.com/pack/ARM.CMSIS.5.1.0.pack
                ARM::CMSIS:CORE:5.0.2
                CMSIS (Cortex Microcontroller Software Interface Standard)
   * Component: CORE Version: 5.0.2

Package Vendor: Keil
                http://www.keil.com/pack/Keil.STM32F1xx_DFP.2.2.0.pack
                Keil::Device:StdPeriph Drivers:DMA:3.5.0
                STMicroelectronics STM32F1 Series Device Support, Drivers and Examples
   * Component: DMA Version: 3.5.0
   * Component: EXTI Version: 3.5.0
   * Component: Flash Version: 3.5.0
   * Component: GPIO Version: 3.5.0
   * Component: Startup Version: 1.0.0
   * Component: Framework Version: 3.5.1
   * Component: RCC Version: 3.5.0
   * Component: TIM Version: 3.5.0
   * Component: GPIO Version: 1.3
   * Component: IWDG Version: 3.5.0
   * Component: USART Version: 3.5.0

<h2>Collection of Component include folders:</h2>
  C:\Users\X550V\Desktop\DW1000\UWB_Debugtool\STM32F103C8T6_V2.0_Tag手持器\STM32_UsbVirtualCom_F103C8T6_V2.0\Project\MDK\RTE
  C:\Users\X550V\Desktop\DW1000\UWB_Debugtool\STM32F103C8T6_V2.0_Tag手持器\STM32_UsbVirtualCom_F103C8T6_V2.0\Project\MDK\RTE\Device\STM32F103C8
  C:\Keil_v5\ARM\PACK\ARM\CMSIS\5.1.0\CMSIS\Include
  C:\Keil_v5\ARM\PACK\Keil\STM32F1xx_DFP\2.2.0\Device\Include
  C:\Keil_v5\ARM\PACK\Keil\STM32F1xx_DFP\2.2.0\Device\StdPeriph_Driver\inc
  C:\Keil_v5\ARM\PACK\Keil\STM32F1xx_DFP\2.2.0\RTE_Driver

<h2>Collection of Component Files used:</h2>

   * Component: ARM::CMSIS:CORE:5.0.2

   * Component: Keil::Device:StdPeriph Drivers:DMA:3.5.0
      Include file:  Device\StdPeriph_Driver\inc\stm32f10x_dma.h
      Source file:   Device\StdPeriph_Driver\src\stm32f10x_dma.c

   * Component: Keil::Device:StdPeriph Drivers:EXTI:3.5.0
      Include file:  Device\StdPeriph_Driver\inc\stm32f10x_exti.h
      Source file:   Device\StdPeriph_Driver\src\stm32f10x_exti.c

   * Component: Keil::Device:StdPeriph Drivers:Flash:3.5.0
      Include file:  Device\StdPeriph_Driver\inc\stm32f10x_flash.h
      Source file:   Device\StdPeriph_Driver\src\stm32f10x_flash.c

   * Component: Keil::Device:StdPeriph Drivers:GPIO:3.5.0
      Include file:  Device\StdPeriph_Driver\inc\stm32f10x_gpio.h
      Source file:   Device\StdPeriph_Driver\src\stm32f10x_gpio.c

   * Component: Keil::Device:Startup:1.0.0
      Source file:   Device\Source\ARM\startup_stm32f10x_md.s
      Source file:   Device\Source\ARM\STM32F1xx_OPT.s
      Source file:   Device\Source\system_stm32f10x.c
      Include file:  RTE_Driver\Config\RTE_Device.h

   * Component: Keil::Device:StdPeriph Drivers:Framework:3.5.1
      Include file:  Device\StdPeriph_Driver\templates\stm32f10x_it.h
      Include file:  Device\StdPeriph_Driver\inc\misc.h
      Source file:   Device\StdPeriph_Driver\templates\stm32f10x_conf.h
      Source file:   Device\StdPeriph_Driver\src\misc.c
      Source file:   Device\StdPeriph_Driver\templates\stm32f10x_it.c

   * Component: Keil::Device:StdPeriph Drivers:RCC:3.5.0
      Include file:  Device\StdPeriph_Driver\inc\stm32f10x_rcc.h
      Source file:   Device\StdPeriph_Driver\src\stm32f10x_rcc.c

   * Component: Keil::Device:StdPeriph Drivers:TIM:3.5.0
      Include file:  Device\StdPeriph_Driver\inc\stm32f10x_tim.h
      Source file:   Device\StdPeriph_Driver\src\stm32f10x_tim.c

   * Component: Keil::Device:GPIO:1.3
      Source file:   RTE_Driver\GPIO_STM32F10x.c
      Include file:  RTE_Driver\GPIO_STM32F10x.h

   * Component: Keil::Device:StdPeriph Drivers:IWDG:3.5.0
      Source file:   Device\StdPeriph_Driver\src\stm32f10x_iwdg.c
      Include file:  Device\StdPeriph_Driver\inc\stm32f10x_iwdg.h

   * Component: Keil::Device:StdPeriph Drivers:USART:3.5.0
      Include file:  Device\StdPeriph_Driver\inc\stm32f10x_usart.h
      Source file:   Device\StdPeriph_Driver\src\stm32f10x_usart.c
Build Time Elapsed:  00:00:01
</pre>
</body>
</html>
